 
 Imaginary Time Propagation
 --------------------------
 
               Imag. time (a.u.)               < psi_i | psi_i >               < psi_i | psi_0 >                Energy (hartree)
              0.0000000000000000              1.0000000000000004              1.0000000000000004           4202.1125921195070987
              0.0050000000000000              0.9999999999999998              0.8748915005364749             15.5569590130702089
              0.0100000000000000              1.0000000000000002              0.8639702571622436             12.9767813867259605
              0.0149999999999999              1.0000000000000000              0.8521167012069217             11.1529570973521803
              0.0200000000000001              1.0000000000000000              0.8388900961478383              9.6870748310532235
